Windows PowerShell
Copyright (C) Microsoft Corporation. All rights reserved.

Install the latest PowerShell for new features and improvements! https://aka.ms/PSWindows

PS C:\My Stuff\Work\AIE-BootCamp\FirstWeek-Assignment> git init
Initialized empty Git repository in C:/My Stuff/Work/AIE-BootCamp/FirstWeek-Assignment/.git/
PS C:\My Stuff\Work\AIE-BootCamp\FirstWeek-Assignment> echo "# Salary-Prediction-Application" >> README.md
PS C:\My Stuff\Work\AIE-BootCamp\FirstWeek-Assignment> git add README.md
PS C:\My Stuff\Work\AIE-BootCamp\FirstWeek-Assignment> git commit -m "first commit"
[master (root-commit) 8c25f96] first commit
 1 file changed, 0 insertions(+), 0 deletions(-)
 create mode 100644 README.md
PS C:\My Stuff\Work\AIE-BootCamp\FirstWeek-Assignment> git remote add origin https://github.com/Haidar-Hasan9/Salary-Prediction-Application.git
PS C:\My Stuff\Work\AIE-BootCamp\FirstWeek-Assignment> git branch -M main
PS C:\My Stuff\Work\AIE-BootCamp\FirstWeek-Assignment> git push -u origin main
Enumerating objects: 3, done.
Counting objects: 100% (3/3), done.
Delta compression using up to 16 threads
Compressing objects: 100% (2/2), done.
Writing objects: 100% (3/3), 264 bytes | 264.00 KiB/s, done.
Total 3 (delta 0), reused 0 (delta 0), pack-reused 0 (from 0)
To https://github.com/Haidar-Hasan9/Salary-Prediction-Application.git
 * [new branch]      main -> main
branch 'main' set up to track 'origin/main'.
PS C:\My Stuff\Work\AIE-BootCamp\FirstWeek-Assignment> New-Item .gitignore


    Directory: C:\My Stuff\Work\AIE-BootCamp\FirstWeek-Assignment


Mode                 LastWriteTime         Length Name
----                 -------------         ------ ----
-a----         4/10/2026   2:23 AM              0 .gitignore


PS C:\My Stuff\Work\AIE-BootCamp\FirstWeek-Assignment> notepad .gitignore
PS C:\My Stuff\Work\AIE-BootCamp\FirstWeek-Assignment> git add .gitignore
PS C:\My Stuff\Work\AIE-BootCamp\FirstWeek-Assignment> git commit -m "Initial commit: add .gitignore"
[main 69d3495] Initial commit: add .gitignore
 1 file changed, 9 insertions(+)
 create mode 100644 .gitignore
PS C:\My Stuff\Work\AIE-BootCamp\FirstWeek-Assignment> git push -u origin main
Enumerating objects: 4, done.
Counting objects: 100% (4/4), done.
Delta compression using up to 16 threads
Compressing objects: 100% (3/3), done.
Writing objects: 100% (3/3), 358 bytes | 358.00 KiB/s, done.
Total 3 (delta 0), reused 0 (delta 0), pack-reused 0 (from 0)
To https://github.com/Haidar-Hasan9/Salary-Prediction-Application.git
   8c25f96..69d3495  main -> main
branch 'main' set up to track 'origin/main'.
PS C:\My Stuff\Work\AIE-BootCamp\FirstWeek-Assignment> ^C
PS C:\My Stuff\Work\AIE-BootCamp\FirstWeek-Assignment> powershell -ExecutionPolicy ByPass -c "irm https://astral.sh/uv/install.ps1 | iex"
downloading uv 0.11.6 (x86_64-pc-windows-msvc)
installing to C:\Users\Haidar\.local\bin
  uv.exe
  uvx.exe
  uvw.exe
everything's installed!

To add C:\Users\Haidar\.local\bin to your PATH, either restart your shell or run:

    set Path=C:\Users\Haidar\.local\bin;%Path%   (cmd)
    $env:Path = "C:\Users\Haidar\.local\bin;$env:Path"   (powershell)
PS C:\My Stuff\Work\AIE-BootCamp\FirstWeek-Assignment> $env:Path = "C:\Users\Haidar\.local\bin;$env:Path"
PS C:\My Stuff\Work\AIE-BootCamp\FirstWeek-Assignment>